[previews.aspirity.com/spirit/index.html]
[backblue.gif]
[fade.gif]
[index.html]
[previews.aspirity.com/spirit/assets/css/color.css]
[cdn.materialdesignicons.com/2.0.46/css/materialdesignicons.min.css]
[mc.yandex.ru/metrika/watch.js]
[previews.aspirity.com/spirit/assets/img/img_bg_header.jpg]
[previews.aspirity.com/spirit/assets/img/img_avatar.png]
[previews.aspirity.com/spirit/assets/img/img_btn_icon.png]
[previews.aspirity.com/spirit/assets/img/img_project_1_mono.png]
[previews.aspirity.com/spirit/assets/img/img_project_2_mono.png]
[previews.aspirity.com/spirit/assets/img/img_project_3_mono.png]
[previews.aspirity.com/spirit/assets/img/img_bg_main.jpg]
[previews.aspirity.com/spirit/blog.html]
[previews.aspirity.com/spirit/assets/img/img_blog_1.png]
[previews.aspirity.com/spirit/assets/img/img_blog_2.png]
[previews.aspirity.com/spirit/assets/img/img_blog_3.png]
[previews.aspirity.com/spirit/assets/js/jquery-2.2.4.min.js]
[previews.aspirity.com/spirit/assets/js/popper.min.js]
[previews.aspirity.com/spirit/assets/js/bootstrap.min.js]
[previews.aspirity.com/spirit/assets/js/menu.js]
[previews.aspirity.com/spirit/assets/js/jquery.waypoints.js]
[previews.aspirity.com/spirit/assets/js/progress-list.js]
[previews.aspirity.com/spirit/assets/js/section.js]
[previews.aspirity.com/spirit/assets/js/portfolio-filter.js]
[previews.aspirity.com/spirit/assets/js/slider-carousel.js]
[previews.aspirity.com/spirit/assets/js/mobile-menu.js]
[previews.aspirity.com/spirit/assets/js/contacts.js]
[previews.aspirity.com/spirit/assets/js/mbclicker.min.js]
[previews.aspirity.com/spirit/assets/js/site-btn.js]
[previews.aspirity.com/spirit/assets/js/style-switcher.js]
[previews.aspirity.com/spirit/index.html]
[previews.aspirity.com/spirit/assets/fonts/fontawesome-webfont3e6e.eot]
[previews.aspirity.com/spirit/assets/fonts/fontawesome-webfontd41d.eot]
[previews.aspirity.com/spirit/assets/fonts/fontawesome-webfont3e6e.woff]
[previews.aspirity.com/spirit/assets/fonts/fontawesome-webfont3e6e.ttf]
[previews.aspirity.com/spirit/assets/css/color.css]
[cdn.materialdesignicons.com/2.0.46/css/materialdesignicons.min.css]
[previews.aspirity.com/spirit/index-2.html]
[previews.aspirity.com/spirit/assets/img/img_article_photo.jpg]
[previews.aspirity.com/spirit/blog.html]
[previews.aspirity.com/spirit/assets/fonts/fontawesome-webfont3e6e.html]
[previews.aspirity.com/spirit/assets/fonts/fontawesome-webfont3e6e.svg]
[previews.aspirity.com/spirit/index-2.html]
